Traceback (most recent call last):
  File "/usr/local/lib/python3.13/site-packages/jupyter_cache/executors/utils.py", line 58, in single_nb_execution
    executenb(
    ~~~~~~~~~^
        nb,
        ^^^
    ...<4 lines>...
        **kwargs,
        ^^^^^^^^^
    )
    ^
  File "/usr/local/lib/python3.13/site-packages/nbclient/client.py", line 1323, in execute
    return NotebookClient(nb=nb, resources=resources, km=km, **kwargs).execute()
           ~~~~~~~~~~~~~~~~~~~~~~~~~~~~~~~~~~~~~~~~~~~~~~~~~~~~~~~~~~~~~~~~~~~^^
  File "/usr/local/lib/python3.13/site-packages/jupyter_core/utils/__init__.py", line 165, in wrapped
    return loop.run_until_complete(inner)
           ~~~~~~~~~~~~~~~~~~~~~~~^^^^^^^
  File "/usr/local/lib/python3.13/asyncio/base_events.py", line 725, in run_until_complete
    return future.result()
           ~~~~~~~~~~~~~^^
  File "/usr/local/lib/python3.13/site-packages/nbclient/client.py", line 709, in async_execute
    await self.async_execute_cell(
        cell, index, execution_count=self.code_cells_executed + 1
    )
  File "/usr/local/lib/python3.13/site-packages/nbclient/client.py", line 1062, in async_execute_cell
    await self._check_raise_for_error(cell, cell_index, exec_reply)
  File "/usr/local/lib/python3.13/site-packages/nbclient/client.py", line 918, in _check_raise_for_error
    raise CellExecutionError.from_cell_and_msg(cell, exec_reply_content)
nbclient.exceptions.CellExecutionError: An error occurred while executing the following cell:
------------------
from mufasa.io.inputs import GeoJsonInput

src_a = GeoJsonInput("sensor_a.geojson")
------------------


[31m---------------------------------------------------------------------------[39m
[31mModuleNotFoundError[39m                       Traceback (most recent call last)
[36mCell[39m[36m [39m[32mIn[2][39m[32m, line 1[39m
[32m----> [39m[32m1[39m [38;5;28;01mfrom[39;00m mufasa.io.inputs [38;5;28;01mimport[39;00m GeoJsonInput
[32m      2[39m 
[32m      3[39m src_a = GeoJsonInput([33m"sensor_a.geojson"[39m)

[36mFile [39m[32m/github/workspace/docs/user-guide/../../src/mufasa/__init__.py:1[39m
[32m----> [39m[32m1[39m [38;5;28;01mfrom[39;00m[38;5;250m [39m[34;01mmufasa[39;00m[34;01m.[39;00m[34;01mlocation[39;00m[38;5;250m [39m[38;5;28;01mimport[39;00m Location, Observation
[32m      2[39m [38;5;28;01mfrom[39;00m[38;5;250m [39m[34;01mmufasa[39;00m[34;01m.[39;00m[34;01mmap[39;00m[38;5;250m [39m[38;5;28;01mimport[39;00m Map, BayesianMap, BoundingBox
[32m      3[39m [38;5;28;01mfrom[39;00m[38;5;250m [39m[34;01mmufasa[39;00m[34;01m.[39;00m[34;01mnode[39;00m[38;5;250m [39m[38;5;28;01mimport[39;00m Node

[36mFile [39m[32m/github/workspace/docs/user-guide/../../src/mufasa/location.py:5[39m
[32m      1[39m [33;03m"""Dataclasses for spatially discrete detections, i.e. at a single point."""[39;00m
[32m      3[39m [38;5;28;01mfrom[39;00m[38;5;250m [39m[34;01mdataclasses[39;00m[38;5;250m [39m[38;5;28;01mimport[39;00m dataclass, field
[32m----> [39m[32m5[39m [38;5;28;01mfrom[39;00m[38;5;250m [39m[34;01mshapely[39;00m[34;01m.[39;00m[34;01mgeometry[39;00m[38;5;250m [39m[38;5;28;01mimport[39;00m LineString, MultiLineString, MultiPoint, Point
[32m      6[39m [38;5;28;01mfrom[39;00m[38;5;250m [39m[34;01mshapely[39;00m[34;01m.[39;00m[34;01mgeometry[39;00m[34;01m.[39;00m[34;01mbase[39;00m[38;5;250m [39m[38;5;28;01mimport[39;00m BaseGeometry
[32m      9[39m [38;5;129m@dataclass[39m
[32m     10[39m [38;5;28;01mclass[39;00m[38;5;250m [39m[34;01mLocation[39;00m:

[31mModuleNotFoundError[39m: No module named 'shapely'

